// Jest Snapshot v1, https://goo.gl/fbAQLP

exports[`SignUp component should match snapshot 1`] = `
ShallowWrapper {
  Symbol(enzyme.__root__): [Circular],
  Symbol(enzyme.__unrendered__): <Signup />,
  Symbol(enzyme.__renderer__): Object {
    "batchedUpdates": [Function],
    "checkPropTypes": [Function],
    "getNode": [Function],
    "render": [Function],
    "simulateError": [Function],
    "simulateEvent": [Function],
    "unmount": [Function],
  },
  Symbol(enzyme.__node__): Object {
    "instance": null,
    "key": undefined,
    "nodeType": "function",
    "props": Object {
      "children": Array [
        false,
        <NavBar>
          <LiTag
            to="/login"
            value="Login"
          />
        </NavBar>,
        <div
          className="d-flex justify-content-center"
        >
          <div
            className="inner"
          >
            <div
              className="center"
            >
              <i
                aria-hidden="true"
                className="fa fa-balance-scale fa-5x "
              />
              <h3
                className="welcome__"
              >
                Please Signup
              </h3>
            </div>
            <form
              className="signbox"
              id="signup-form"
              onSubmit={[Function]}
              style={
                Object {
                  "marginTop": "20px",
                }
              }
            >
              <div
                className="wholeform"
              >
                <div
                  className="formgroup"
                >
                  <Input
                    id="firstname"
                    onChange={[Function]}
                    placeholder="First name"
                    type="text"
                    value=""
                  />
                </div>
                <div
                  className="formgroup"
                >
                  <Input
                    id="lastname"
                    onChange={[Function]}
                    placeholder="Last name"
                    type="text"
                    value=""
                  />
                </div>
              </div>
              <div
                className="wholeform"
              >
                <div
                  className="formgroup"
                >
                  <Input
                    id="othernames"
                    onChange={[Function]}
                    placeholder="Othernames"
                    type="text"
                    value=""
                  />
                </div>
                <div
                  className="formgroup"
                >
                  <Input
                    id="phonenumber"
                    onChange={[Function]}
                    placeholder="PhoneNumber"
                    type="text"
                    value=""
                  />
                </div>
              </div>
              <div
                className="wholeform"
              >
                <div
                  className="formgroup"
                >
                  <Input
                    id="email"
                    onChange={[Function]}
                    placeholder="Please enter email"
                    type="email"
                    value=""
                  />
                </div>
                <div
                  className="formgroup"
                >
                  <Input
                    id="password"
                    onChange={[Function]}
                    placeholder="Password"
                    type="password"
                    value=""
                  />
                </div>
              </div>
              <select
                className="select-type"
                id="type"
                onChange={[Function]}
              >
                <option
                  name="type"
                  value="citizen"
                >
                  Citizen
                </option>
                <option
                  name="type"
                  value="politician"
                >
                  Poitician
                </option>
              </select>
              <div
                className="formgroup submit"
              >
                <Input
                  id="submit-btn"
                  placeholder=""
                  type="submit"
                  value="Sign Up"
                />
              </div>
              <p
                style={
                  Object {
                    "textAlign": "center",
                  }
                }
              >
                Already have an account?
                <Link
                  className="link"
                  to="/login"
                >
                  Login
                </Link>
              </p>
            </form>
          </div>
        </div>,
        false,
      ],
    },
    "ref": null,
    "rendered": Array [
      false,
      Object {
        "instance": null,
        "key": undefined,
        "nodeType": "class",
        "props": Object {
          "children": <LiTag
            to="/login"
            value="Login"
          />,
        },
        "ref": null,
        "rendered": Object {
          "instance": null,
          "key": undefined,
          "nodeType": "function",
          "props": Object {
            "to": "/login",
            "value": "Login",
          },
          "ref": null,
          "rendered": null,
          "type": [Function],
        },
        "type": [Function],
      },
      Object {
        "instance": null,
        "key": undefined,
        "nodeType": "host",
        "props": Object {
          "children": <div
            className="inner"
          >
            <div
              className="center"
            >
              <i
                aria-hidden="true"
                className="fa fa-balance-scale fa-5x "
              />
              <h3
                className="welcome__"
              >
                Please Signup
              </h3>
            </div>
            <form
              className="signbox"
              id="signup-form"
              onSubmit={[Function]}
              style={
                Object {
                  "marginTop": "20px",
                }
              }
            >
              <div
                className="wholeform"
              >
                <div
                  className="formgroup"
                >
                  <Input
                    id="firstname"
                    onChange={[Function]}
                    placeholder="First name"
                    type="text"
                    value=""
                  />
                </div>
                <div
                  className="formgroup"
                >
                  <Input
                    id="lastname"
                    onChange={[Function]}
                    placeholder="Last name"
                    type="text"
                    value=""
                  />
                </div>
              </div>
              <div
                className="wholeform"
              >
                <div
                  className="formgroup"
                >
                  <Input
                    id="othernames"
                    onChange={[Function]}
                    placeholder="Othernames"
                    type="text"
                    value=""
                  />
                </div>
                <div
                  className="formgroup"
                >
                  <Input
                    id="phonenumber"
                    onChange={[Function]}
                    placeholder="PhoneNumber"
                    type="text"
                    value=""
                  />
                </div>
              </div>
              <div
                className="wholeform"
              >
                <div
                  className="formgroup"
                >
                  <Input
                    id="email"
                    onChange={[Function]}
                    placeholder="Please enter email"
                    type="email"
                    value=""
                  />
                </div>
                <div
                  className="formgroup"
                >
                  <Input
                    id="password"
                    onChange={[Function]}
                    placeholder="Password"
                    type="password"
                    value=""
                  />
                </div>
              </div>
              <select
                className="select-type"
                id="type"
                onChange={[Function]}
              >
                <option
                  name="type"
                  value="citizen"
                >
                  Citizen
                </option>
                <option
                  name="type"
                  value="politician"
                >
                  Poitician
                </option>
              </select>
              <div
                className="formgroup submit"
              >
                <Input
                  id="submit-btn"
                  placeholder=""
                  type="submit"
                  value="Sign Up"
                />
              </div>
              <p
                style={
                  Object {
                    "textAlign": "center",
                  }
                }
              >
                Already have an account?
                <Link
                  className="link"
                  to="/login"
                >
                  Login
                </Link>
              </p>
            </form>
          </div>,
          "className": "d-flex justify-content-center",
        },
        "ref": null,
        "rendered": Object {
          "instance": null,
          "key": undefined,
          "nodeType": "host",
          "props": Object {
            "children": Array [
              <div
                className="center"
              >
                <i
                  aria-hidden="true"
                  className="fa fa-balance-scale fa-5x "
                />
                <h3
                  className="welcome__"
                >
                  Please Signup
                </h3>
              </div>,
              <form
                className="signbox"
                id="signup-form"
                onSubmit={[Function]}
                style={
                  Object {
                    "marginTop": "20px",
                  }
                }
              >
                <div
                  className="wholeform"
                >
                  <div
                    className="formgroup"
                  >
                    <Input
                      id="firstname"
                      onChange={[Function]}
                      placeholder="First name"
                      type="text"
                      value=""
                    />
                  </div>
                  <div
                    className="formgroup"
                  >
                    <Input
                      id="lastname"
                      onChange={[Function]}
                      placeholder="Last name"
                      type="text"
                      value=""
                    />
                  </div>
                </div>
                <div
                  className="wholeform"
                >
                  <div
                    className="formgroup"
                  >
                    <Input
                      id="othernames"
                      onChange={[Function]}
                      placeholder="Othernames"
                      type="text"
                      value=""
                    />
                  </div>
                  <div
                    className="formgroup"
                  >
                    <Input
                      id="phonenumber"
                      onChange={[Function]}
                      placeholder="PhoneNumber"
                      type="text"
                      value=""
                    />
                  </div>
                </div>
                <div
                  className="wholeform"
                >
                  <div
                    className="formgroup"
                  >
                    <Input
                      id="email"
                      onChange={[Function]}
                      placeholder="Please enter email"
                      type="email"
                      value=""
                    />
                  </div>
                  <div
                    className="formgroup"
                  >
                    <Input
                      id="password"
                      onChange={[Function]}
                      placeholder="Password"
                      type="password"
                      value=""
                    />
                  </div>
                </div>
                <select
                  className="select-type"
                  id="type"
                  onChange={[Function]}
                >
                  <option
                    name="type"
                    value="citizen"
                  >
                    Citizen
                  </option>
                  <option
                    name="type"
                    value="politician"
                  >
                    Poitician
                  </option>
                </select>
                <div
                  className="formgroup submit"
                >
                  <Input
                    id="submit-btn"
                    placeholder=""
                    type="submit"
                    value="Sign Up"
                  />
                </div>
                <p
                  style={
                    Object {
                      "textAlign": "center",
                    }
                  }
                >
                  Already have an account?
                  <Link
                    className="link"
                    to="/login"
                  >
                    Login
                  </Link>
                </p>
              </form>,
            ],
            "className": "inner",
          },
          "ref": null,
          "rendered": Array [
            Object {
              "instance": null,
              "key": undefined,
              "nodeType": "host",
              "props": Object {
                "children": Array [
                  <i
                    aria-hidden="true"
                    className="fa fa-balance-scale fa-5x "
                  />,
                  <h3
                    className="welcome__"
                  >
                    Please Signup
                  </h3>,
                ],
                "className": "center",
              },
              "ref": null,
              "rendered": Array [
                Object {
                  "instance": null,
                  "key": undefined,
                  "nodeType": "host",
                  "props": Object {
                    "aria-hidden": "true",
                    "className": "fa fa-balance-scale fa-5x ",
                  },
                  "ref": null,
                  "rendered": null,
                  "type": "i",
                },
                Object {
                  "instance": null,
                  "key": undefined,
                  "nodeType": "host",
                  "props": Object {
                    "children": "Please Signup",
                    "className": "welcome__",
                  },
                  "ref": null,
                  "rendered": "Please Signup",
                  "type": "h3",
                },
              ],
              "type": "div",
            },
            Object {
              "instance": null,
              "key": undefined,
              "nodeType": "host",
              "props": Object {
                "children": Array [
                  <div
                    className="wholeform"
                  >
                    <div
                      className="formgroup"
                    >
                      <Input
                        id="firstname"
                        onChange={[Function]}
                        placeholder="First name"
                        type="text"
                        value=""
                      />
                    </div>
                    <div
                      className="formgroup"
                    >
                      <Input
                        id="lastname"
                        onChange={[Function]}
                        placeholder="Last name"
                        type="text"
                        value=""
                      />
                    </div>
                  </div>,
                  <div
                    className="wholeform"
                  >
                    <div
                      className="formgroup"
                    >
                      <Input
                        id="othernames"
                        onChange={[Function]}
                        placeholder="Othernames"
                        type="text"
                        value=""
                      />
                    </div>
                    <div
                      className="formgroup"
                    >
                      <Input
                        id="phonenumber"
                        onChange={[Function]}
                        placeholder="PhoneNumber"
                        type="text"
                        value=""
                      />
                    </div>
                  </div>,
                  <div
                    className="wholeform"
                  >
                    <div
                      className="formgroup"
                    >
                      <Input
                        id="email"
                        onChange={[Function]}
                        placeholder="Please enter email"
                        type="email"
                        value=""
                      />
                    </div>
                    <div
                      className="formgroup"
                    >
                      <Input
                        id="password"
                        onChange={[Function]}
                        placeholder="Password"
                        type="password"
                        value=""
                      />
                    </div>
                  </div>,
                  <select
                    className="select-type"
                    id="type"
                    onChange={[Function]}
                  >
                    <option
                      name="type"
                      value="citizen"
                    >
                      Citizen
                    </option>
                    <option
                      name="type"
                      value="politician"
                    >
                      Poitician
                    </option>
                  </select>,
                  <div
                    className="formgroup submit"
                  >
                    <Input
                      id="submit-btn"
                      placeholder=""
                      type="submit"
                      value="Sign Up"
                    />
                  </div>,
                  <p
                    style={
                      Object {
                        "textAlign": "center",
                      }
                    }
                  >
                    Already have an account?
                    <Link
                      className="link"
                      to="/login"
                    >
                      Login
                    </Link>
                  </p>,
                ],
                "className": "signbox",
                "id": "signup-form",
                "onSubmit": [Function],
                "style": Object {
                  "marginTop": "20px",
                },
              },
              "ref": null,
              "rendered": Array [
                Object {
                  "instance": null,
                  "key": undefined,
                  "nodeType": "host",
                  "props": Object {
                    "children": Array [
                      <div
                        className="formgroup"
                      >
                        <Input
                          id="firstname"
                          onChange={[Function]}
                          placeholder="First name"
                          type="text"
                          value=""
                        />
                      </div>,
                      <div
                        className="formgroup"
                      >
                        <Input
                          id="lastname"
                          onChange={[Function]}
                          placeholder="Last name"
                          type="text"
                          value=""
                        />
                      </div>,
                    ],
                    "className": "wholeform",
                  },
                  "ref": null,
                  "rendered": Array [
                    Object {
                      "instance": null,
                      "key": undefined,
                      "nodeType": "host",
                      "props": Object {
                        "children": <Input
                          id="firstname"
                          onChange={[Function]}
                          placeholder="First name"
                          type="text"
                          value=""
                        />,
                        "className": "formgroup",
                      },
                      "ref": null,
                      "rendered": Object {
                        "instance": null,
                        "key": undefined,
                        "nodeType": "function",
                        "props": Object {
                          "id": "firstname",
                          "onChange": [Function],
                          "placeholder": "First name",
                          "type": "text",
                          "value": "",
                        },
                        "ref": null,
                        "rendered": null,
                        "type": [Function],
                      },
                      "type": "div",
                    },
                    Object {
                      "instance": null,
                      "key": undefined,
                      "nodeType": "host",
                      "props": Object {
                        "children": <Input
                          id="lastname"
                          onChange={[Function]}
                          placeholder="Last name"
                          type="text"
                          value=""
                        />,
                        "className": "formgroup",
                      },
                      "ref": null,
                      "rendered": Object {
                        "instance": null,
                        "key": undefined,
                        "nodeType": "function",
                        "props": Object {
                          "id": "lastname",
                          "onChange": [Function],
                          "placeholder": "Last name",
                          "type": "text",
                          "value": "",
                        },
                        "ref": null,
                        "rendered": null,
                        "type": [Function],
                      },
                      "type": "div",
                    },
                  ],
                  "type": "div",
                },
                Object {
                  "instance": null,
                  "key": undefined,
                  "nodeType": "host",
                  "props": Object {
                    "children": Array [
                      <div
                        className="formgroup"
                      >
                        <Input
                          id="othernames"
                          onChange={[Function]}
                          placeholder="Othernames"
                          type="text"
                          value=""
                        />
                      </div>,
                      <div
                        className="formgroup"
                      >
                        <Input
                          id="phonenumber"
                          onChange={[Function]}
                          placeholder="PhoneNumber"
                          type="text"
                          value=""
                        />
                      </div>,
                    ],
                    "className": "wholeform",
                  },
                  "ref": null,
                  "rendered": Array [
                    Object {
                      "instance": null,
                      "key": undefined,
                      "nodeType": "host",
                      "props": Object {
                        "children": <Input
                          id="othernames"
                          onChange={[Function]}
                          placeholder="Othernames"
                          type="text"
                          value=""
                        />,
                        "className": "formgroup",
                      },
                      "ref": null,
                      "rendered": Object {
                        "instance": null,
                        "key": undefined,
                        "nodeType": "function",
                        "props": Object {
                          "id": "othernames",
                          "onChange": [Function],
                          "placeholder": "Othernames",
                          "type": "text",
                          "value": "",
                        },
                        "ref": null,
                        "rendered": null,
                        "type": [Function],
                      },
                      "type": "div",
                    },
                    Object {
                      "instance": null,
                      "key": undefined,
                      "nodeType": "host",
                      "props": Object {
                        "children": <Input
                          id="phonenumber"
                          onChange={[Function]}
                          placeholder="PhoneNumber"
                          type="text"
                          value=""
                        />,
                        "className": "formgroup",
                      },
                      "ref": null,
                      "rendered": Object {
                        "instance": null,
                        "key": undefined,
                        "nodeType": "function",
                        "props": Object {
                          "id": "phonenumber",
                          "onChange": [Function],
                          "placeholder": "PhoneNumber",
                          "type": "text",
                          "value": "",
                        },
                        "ref": null,
                        "rendered": null,
                        "type": [Function],
                      },
                      "type": "div",
                    },
                  ],
                  "type": "div",
                },
                Object {
                  "instance": null,
                  "key": undefined,
                  "nodeType": "host",
                  "props": Object {
                    "children": Array [
                      <div
                        className="formgroup"
                      >
                        <Input
                          id="email"
                          onChange={[Function]}
                          placeholder="Please enter email"
                          type="email"
                          value=""
                        />
                      </div>,
                      <div
                        className="formgroup"
                      >
                        <Input
                          id="password"
                          onChange={[Function]}
                          placeholder="Password"
                          type="password"
                          value=""
                        />
                      </div>,
                    ],
                    "className": "wholeform",
                  },
                  "ref": null,
                  "rendered": Array [
                    Object {
                      "instance": null,
                      "key": undefined,
                      "nodeType": "host",
                      "props": Object {
                        "children": <Input
                          id="email"
                          onChange={[Function]}
                          placeholder="Please enter email"
                          type="email"
                          value=""
                        />,
                        "className": "formgroup",
                      },
                      "ref": null,
                      "rendered": Object {
                        "instance": null,
                        "key": undefined,
                        "nodeType": "function",
                        "props": Object {
                          "id": "email",
                          "onChange": [Function],
                          "placeholder": "Please enter email",
                          "type": "email",
                          "value": "",
                        },
                        "ref": null,
                        "rendered": null,
                        "type": [Function],
                      },
                      "type": "div",
                    },
                    Object {
                      "instance": null,
                      "key": undefined,
                      "nodeType": "host",
                      "props": Object {
                        "children": <Input
                          id="password"
                          onChange={[Function]}
                          placeholder="Password"
                          type="password"
                          value=""
                        />,
                        "className": "formgroup",
                      },
                      "ref": null,
                      "rendered": Object {
                        "instance": null,
                        "key": undefined,
                        "nodeType": "function",
                        "props": Object {
                          "id": "password",
                          "onChange": [Function],
                          "placeholder": "Password",
                          "type": "password",
                          "value": "",
                        },
                        "ref": null,
                        "rendered": null,
                        "type": [Function],
                      },
                      "type": "div",
                    },
                  ],
                  "type": "div",
                },
                Object {
                  "instance": null,
                  "key": undefined,
                  "nodeType": "host",
                  "props": Object {
                    "children": Array [
                      <option
                        name="type"
                        value="citizen"
                      >
                        Citizen
                      </option>,
                      <option
                        name="type"
                        value="politician"
                      >
                        Poitician
                      </option>,
                    ],
                    "className": "select-type",
                    "id": "type",
                    "onChange": [Function],
                  },
                  "ref": null,
                  "rendered": Array [
                    Object {
                      "instance": null,
                      "key": undefined,
                      "nodeType": "host",
                      "props": Object {
                        "children": "Citizen",
                        "name": "type",
                        "value": "citizen",
                      },
                      "ref": null,
                      "rendered": "Citizen",
                      "type": "option",
                    },
                    Object {
                      "instance": null,
                      "key": undefined,
                      "nodeType": "host",
                      "props": Object {
                        "children": "Poitician",
                        "name": "type",
                        "value": "politician",
                      },
                      "ref": null,
                      "rendered": "Poitician",
                      "type": "option",
                    },
                  ],
                  "type": "select",
                },
                Object {
                  "instance": null,
                  "key": undefined,
                  "nodeType": "host",
                  "props": Object {
                    "children": <Input
                      id="submit-btn"
                      placeholder=""
                      type="submit"
                      value="Sign Up"
                    />,
                    "className": "formgroup submit",
                  },
                  "ref": null,
                  "rendered": Object {
                    "instance": null,
                    "key": undefined,
                    "nodeType": "function",
                    "props": Object {
                      "id": "submit-btn",
                      "placeholder": "",
                      "type": "submit",
                      "value": "Sign Up",
                    },
                    "ref": null,
                    "rendered": null,
                    "type": [Function],
                  },
                  "type": "div",
                },
                Object {
                  "instance": null,
                  "key": undefined,
                  "nodeType": "host",
                  "props": Object {
                    "children": Array [
                      "Already have an account?",
                      <Link
                        className="link"
                        to="/login"
                      >
                        Login
                      </Link>,
                    ],
                    "style": Object {
                      "textAlign": "center",
                    },
                  },
                  "ref": null,
                  "rendered": Array [
                    "Already have an account?",
                    Object {
                      "instance": null,
                      "key": undefined,
                      "nodeType": "class",
                      "props": Object {
                        "children": "Login",
                        "className": "link",
                        "to": "/login",
                      },
                      "ref": null,
                      "rendered": "Login",
                      "type": [Function],
                    },
                  ],
                  "type": "p",
                },
              ],
              "type": "form",
            },
          ],
          "type": "div",
        },
        "type": "div",
      },
      false,
    ],
    "type": Symbol(react.fragment),
  },
  Symbol(enzyme.__nodes__): Array [
    Object {
      "instance": null,
      "key": undefined,
      "nodeType": "function",
      "props": Object {
        "children": Array [
          false,
          <NavBar>
            <LiTag
              to="/login"
              value="Login"
            />
          </NavBar>,
          <div
            className="d-flex justify-content-center"
          >
            <div
              className="inner"
            >
              <div
                className="center"
              >
                <i
                  aria-hidden="true"
                  className="fa fa-balance-scale fa-5x "
                />
                <h3
                  className="welcome__"
                >
                  Please Signup
                </h3>
              </div>
              <form
                className="signbox"
                id="signup-form"
                onSubmit={[Function]}
                style={
                  Object {
                    "marginTop": "20px",
                  }
                }
              >
                <div
                  className="wholeform"
                >
                  <div
                    className="formgroup"
                  >
                    <Input
                      id="firstname"
                      onChange={[Function]}
                      placeholder="First name"
                      type="text"
                      value=""
                    />
                  </div>
                  <div
                    className="formgroup"
                  >
                    <Input
                      id="lastname"
                      onChange={[Function]}
                      placeholder="Last name"
                      type="text"
                      value=""
                    />
                  </div>
                </div>
                <div
                  className="wholeform"
                >
                  <div
                    className="formgroup"
                  >
                    <Input
                      id="othernames"
                      onChange={[Function]}
                      placeholder="Othernames"
                      type="text"
                      value=""
                    />
                  </div>
                  <div
                    className="formgroup"
                  >
                    <Input
                      id="phonenumber"
                      onChange={[Function]}
                      placeholder="PhoneNumber"
                      type="text"
                      value=""
                    />
                  </div>
                </div>
                <div
                  className="wholeform"
                >
                  <div
                    className="formgroup"
                  >
                    <Input
                      id="email"
                      onChange={[Function]}
                      placeholder="Please enter email"
                      type="email"
                      value=""
                    />
                  </div>
                  <div
                    className="formgroup"
                  >
                    <Input
                      id="password"
                      onChange={[Function]}
                      placeholder="Password"
                      type="password"
                      value=""
                    />
                  </div>
                </div>
                <select
                  className="select-type"
                  id="type"
                  onChange={[Function]}
                >
                  <option
                    name="type"
                    value="citizen"
                  >
                    Citizen
                  </option>
                  <option
                    name="type"
                    value="politician"
                  >
                    Poitician
                  </option>
                </select>
                <div
                  className="formgroup submit"
                >
                  <Input
                    id="submit-btn"
                    placeholder=""
                    type="submit"
                    value="Sign Up"
                  />
                </div>
                <p
                  style={
                    Object {
                      "textAlign": "center",
                    }
                  }
                >
                  Already have an account?
                  <Link
                    className="link"
                    to="/login"
                  >
                    Login
                  </Link>
                </p>
              </form>
            </div>
          </div>,
          false,
        ],
      },
      "ref": null,
      "rendered": Array [
        false,
        Object {
          "instance": null,
          "key": undefined,
          "nodeType": "class",
          "props": Object {
            "children": <LiTag
              to="/login"
              value="Login"
            />,
          },
          "ref": null,
          "rendered": Object {
            "instance": null,
            "key": undefined,
            "nodeType": "function",
            "props": Object {
              "to": "/login",
              "value": "Login",
            },
            "ref": null,
            "rendered": null,
            "type": [Function],
          },
          "type": [Function],
        },
        Object {
          "instance": null,
          "key": undefined,
          "nodeType": "host",
          "props": Object {
            "children": <div
              className="inner"
            >
              <div
                className="center"
              >
                <i
                  aria-hidden="true"
                  className="fa fa-balance-scale fa-5x "
                />
                <h3
                  className="welcome__"
                >
                  Please Signup
                </h3>
              </div>
              <form
                className="signbox"
                id="signup-form"
                onSubmit={[Function]}
                style={
                  Object {
                    "marginTop": "20px",
                  }
                }
              >
                <div
                  className="wholeform"
                >
                  <div
                    className="formgroup"
                  >
                    <Input
                      id="firstname"
                      onChange={[Function]}
                      placeholder="First name"
                      type="text"
                      value=""
                    />
                  </div>
                  <div
                    className="formgroup"
                  >
                    <Input
                      id="lastname"
                      onChange={[Function]}
                      placeholder="Last name"
                      type="text"
                      value=""
                    />
                  </div>
                </div>
                <div
                  className="wholeform"
                >
                  <div
                    className="formgroup"
                  >
                    <Input
                      id="othernames"
                      onChange={[Function]}
                      placeholder="Othernames"
                      type="text"
                      value=""
                    />
                  </div>
                  <div
                    className="formgroup"
                  >
                    <Input
                      id="phonenumber"
                      onChange={[Function]}
                      placeholder="PhoneNumber"
                      type="text"
                      value=""
                    />
                  </div>
                </div>
                <div
                  className="wholeform"
                >
                  <div
                    className="formgroup"
                  >
                    <Input
                      id="email"
                      onChange={[Function]}
                      placeholder="Please enter email"
                      type="email"
                      value=""
                    />
                  </div>
                  <div
                    className="formgroup"
                  >
                    <Input
                      id="password"
                      onChange={[Function]}
                      placeholder="Password"
                      type="password"
                      value=""
                    />
                  </div>
                </div>
                <select
                  className="select-type"
                  id="type"
                  onChange={[Function]}
                >
                  <option
                    name="type"
                    value="citizen"
                  >
                    Citizen
                  </option>
                  <option
                    name="type"
                    value="politician"
                  >
                    Poitician
                  </option>
                </select>
                <div
                  className="formgroup submit"
                >
                  <Input
                    id="submit-btn"
                    placeholder=""
                    type="submit"
                    value="Sign Up"
                  />
                </div>
                <p
                  style={
                    Object {
                      "textAlign": "center",
                    }
                  }
                >
                  Already have an account?
                  <Link
                    className="link"
                    to="/login"
                  >
                    Login
                  </Link>
                </p>
              </form>
            </div>,
            "className": "d-flex justify-content-center",
          },
          "ref": null,
          "rendered": Object {
            "instance": null,
            "key": undefined,
            "nodeType": "host",
            "props": Object {
              "children": Array [
                <div
                  className="center"
                >
                  <i
                    aria-hidden="true"
                    className="fa fa-balance-scale fa-5x "
                  />
                  <h3
                    className="welcome__"
                  >
                    Please Signup
                  </h3>
                </div>,
                <form
                  className="signbox"
                  id="signup-form"
                  onSubmit={[Function]}
                  style={
                    Object {
                      "marginTop": "20px",
                    }
                  }
                >
                  <div
                    className="wholeform"
                  >
                    <div
                      className="formgroup"
                    >
                      <Input
                        id="firstname"
                        onChange={[Function]}
                        placeholder="First name"
                        type="text"
                        value=""
                      />
                    </div>
                    <div
                      className="formgroup"
                    >
                      <Input
                        id="lastname"
                        onChange={[Function]}
                        placeholder="Last name"
                        type="text"
                        value=""
                      />
                    </div>
                  </div>
                  <div
                    className="wholeform"
                  >
                    <div
                      className="formgroup"
                    >
                      <Input
                        id="othernames"
                        onChange={[Function]}
                        placeholder="Othernames"
                        type="text"
                        value=""
                      />
                    </div>
                    <div
                      className="formgroup"
                    >
                      <Input
                        id="phonenumber"
                        onChange={[Function]}
                        placeholder="PhoneNumber"
                        type="text"
                        value=""
                      />
                    </div>
                  </div>
                  <div
                    className="wholeform"
                  >
                    <div
                      className="formgroup"
                    >
                      <Input
                        id="email"
                        onChange={[Function]}
                        placeholder="Please enter email"
                        type="email"
                        value=""
                      />
                    </div>
                    <div
                      className="formgroup"
                    >
                      <Input
                        id="password"
                        onChange={[Function]}
                        placeholder="Password"
                        type="password"
                        value=""
                      />
                    </div>
                  </div>
                  <select
                    className="select-type"
                    id="type"
                    onChange={[Function]}
                  >
                    <option
                      name="type"
                      value="citizen"
                    >
                      Citizen
                    </option>
                    <option
                      name="type"
                      value="politician"
                    >
                      Poitician
                    </option>
                  </select>
                  <div
                    className="formgroup submit"
                  >
                    <Input
                      id="submit-btn"
                      placeholder=""
                      type="submit"
                      value="Sign Up"
                    />
                  </div>
                  <p
                    style={
                      Object {
                        "textAlign": "center",
                      }
                    }
                  >
                    Already have an account?
                    <Link
                      className="link"
                      to="/login"
                    >
                      Login
                    </Link>
                  </p>
                </form>,
              ],
              "className": "inner",
            },
            "ref": null,
            "rendered": Array [
              Object {
                "instance": null,
                "key": undefined,
                "nodeType": "host",
                "props": Object {
                  "children": Array [
                    <i
                      aria-hidden="true"
                      className="fa fa-balance-scale fa-5x "
                    />,
                    <h3
                      className="welcome__"
                    >
                      Please Signup
                    </h3>,
                  ],
                  "className": "center",
                },
                "ref": null,
                "rendered": Array [
                  Object {
                    "instance": null,
                    "key": undefined,
                    "nodeType": "host",
                    "props": Object {
                      "aria-hidden": "true",
                      "className": "fa fa-balance-scale fa-5x ",
                    },
                    "ref": null,
                    "rendered": null,
                    "type": "i",
                  },
                  Object {
                    "instance": null,
                    "key": undefined,
                    "nodeType": "host",
                    "props": Object {
                      "children": "Please Signup",
                      "className": "welcome__",
                    },
                    "ref": null,
                    "rendered": "Please Signup",
                    "type": "h3",
                  },
                ],
                "type": "div",
              },
              Object {
                "instance": null,
                "key": undefined,
                "nodeType": "host",
                "props": Object {
                  "children": Array [
                    <div
                      className="wholeform"
                    >
                      <div
                        className="formgroup"
                      >
                        <Input
                          id="firstname"
                          onChange={[Function]}
                          placeholder="First name"
                          type="text"
                          value=""
                        />
                      </div>
                      <div
                        className="formgroup"
                      >
                        <Input
                          id="lastname"
                          onChange={[Function]}
                          placeholder="Last name"
                          type="text"
                          value=""
                        />
                      </div>
                    </div>,
                    <div
                      className="wholeform"
                    >
                      <div
                        className="formgroup"
                      >
                        <Input
                          id="othernames"
                          onChange={[Function]}
                          placeholder="Othernames"
                          type="text"
                          value=""
                        />
                      </div>
                      <div
                        className="formgroup"
                      >
                        <Input
                          id="phonenumber"
                          onChange={[Function]}
                          placeholder="PhoneNumber"
                          type="text"
                          value=""
                        />
                      </div>
                    </div>,
                    <div
                      className="wholeform"
                    >
                      <div
                        className="formgroup"
                      >
                        <Input
                          id="email"
                          onChange={[Function]}
                          placeholder="Please enter email"
                          type="email"
                          value=""
                        />
                      </div>
                      <div
                        className="formgroup"
                      >
                        <Input
                          id="password"
                          onChange={[Function]}
                          placeholder="Password"
                          type="password"
                          value=""
                        />
                      </div>
                    </div>,
                    <select
                      className="select-type"
                      id="type"
                      onChange={[Function]}
                    >
                      <option
                        name="type"
                        value="citizen"
                      >
                        Citizen
                      </option>
                      <option
                        name="type"
                        value="politician"
                      >
                        Poitician
                      </option>
                    </select>,
                    <div
                      className="formgroup submit"
                    >
                      <Input
                        id="submit-btn"
                        placeholder=""
                        type="submit"
                        value="Sign Up"
                      />
                    </div>,
                    <p
                      style={
                        Object {
                          "textAlign": "center",
                        }
                      }
                    >
                      Already have an account?
                      <Link
                        className="link"
                        to="/login"
                      >
                        Login
                      </Link>
                    </p>,
                  ],
                  "className": "signbox",
                  "id": "signup-form",
                  "onSubmit": [Function],
                  "style": Object {
                    "marginTop": "20px",
                  },
                },
                "ref": null,
                "rendered": Array [
                  Object {
                    "instance": null,
                    "key": undefined,
                    "nodeType": "host",
                    "props": Object {
                      "children": Array [
                        <div
                          className="formgroup"
                        >
                          <Input
                            id="firstname"
                            onChange={[Function]}
                            placeholder="First name"
                            type="text"
                            value=""
                          />
                        </div>,
                        <div
                          className="formgroup"
                        >
                          <Input
                            id="lastname"
                            onChange={[Function]}
                            placeholder="Last name"
                            type="text"
                            value=""
                          />
                        </div>,
                      ],
                      "className": "wholeform",
                    },
                    "ref": null,
                    "rendered": Array [
                      Object {
                        "instance": null,
                        "key": undefined,
                        "nodeType": "host",
                        "props": Object {
                          "children": <Input
                            id="firstname"
                            onChange={[Function]}
                            placeholder="First name"
                            type="text"
                            value=""
                          />,
                          "className": "formgroup",
                        },
                        "ref": null,
                        "rendered": Object {
                          "instance": null,
                          "key": undefined,
                          "nodeType": "function",
                          "props": Object {
                            "id": "firstname",
                            "onChange": [Function],
                            "placeholder": "First name",
                            "type": "text",
                            "value": "",
                          },
                          "ref": null,
                          "rendered": null,
                          "type": [Function],
                        },
                        "type": "div",
                      },
                      Object {
                        "instance": null,
                        "key": undefined,
                        "nodeType": "host",
                        "props": Object {
                          "children": <Input
                            id="lastname"
                            onChange={[Function]}
                            placeholder="Last name"
                            type="text"
                            value=""
                          />,
                          "className": "formgroup",
                        },
                        "ref": null,
                        "rendered": Object {
                          "instance": null,
                          "key": undefined,
                          "nodeType": "function",
                          "props": Object {
                            "id": "lastname",
                            "onChange": [Function],
                            "placeholder": "Last name",
                            "type": "text",
                            "value": "",
                          },
                          "ref": null,
                          "rendered": null,
                          "type": [Function],
                        },
                        "type": "div",
                      },
                    ],
                    "type": "div",
                  },
                  Object {
                    "instance": null,
                    "key": undefined,
                    "nodeType": "host",
                    "props": Object {
                      "children": Array [
                        <div
                          className="formgroup"
                        >
                          <Input
                            id="othernames"
                            onChange={[Function]}
                            placeholder="Othernames"
                            type="text"
                            value=""
                          />
                        </div>,
                        <div
                          className="formgroup"
                        >
                          <Input
                            id="phonenumber"
                            onChange={[Function]}
                            placeholder="PhoneNumber"
                            type="text"
                            value=""
                          />
                        </div>,
                      ],
                      "className": "wholeform",
                    },
                    "ref": null,
                    "rendered": Array [
                      Object {
                        "instance": null,
                        "key": undefined,
                        "nodeType": "host",
                        "props": Object {
                          "children": <Input
                            id="othernames"
                            onChange={[Function]}
                            placeholder="Othernames"
                            type="text"
                            value=""
                          />,
                          "className": "formgroup",
                        },
                        "ref": null,
                        "rendered": Object {
                          "instance": null,
                          "key": undefined,
                          "nodeType": "function",
                          "props": Object {
                            "id": "othernames",
                            "onChange": [Function],
                            "placeholder": "Othernames",
                            "type": "text",
                            "value": "",
                          },
                          "ref": null,
                          "rendered": null,
                          "type": [Function],
                        },
                        "type": "div",
                      },
                      Object {
                        "instance": null,
                        "key": undefined,
                        "nodeType": "host",
                        "props": Object {
                          "children": <Input
                            id="phonenumber"
                            onChange={[Function]}
                            placeholder="PhoneNumber"
                            type="text"
                            value=""
                          />,
                          "className": "formgroup",
                        },
                        "ref": null,
                        "rendered": Object {
                          "instance": null,
                          "key": undefined,
                          "nodeType": "function",
                          "props": Object {
                            "id": "phonenumber",
                            "onChange": [Function],
                            "placeholder": "PhoneNumber",
                            "type": "text",
                            "value": "",
                          },
                          "ref": null,
                          "rendered": null,
                          "type": [Function],
                        },
                        "type": "div",
                      },
                    ],
                    "type": "div",
                  },
                  Object {
                    "instance": null,
                    "key": undefined,
                    "nodeType": "host",
                    "props": Object {
                      "children": Array [
                        <div
                          className="formgroup"
                        >
                          <Input
                            id="email"
                            onChange={[Function]}
                            placeholder="Please enter email"
                            type="email"
                            value=""
                          />
                        </div>,
                        <div
                          className="formgroup"
                        >
                          <Input
                            id="password"
                            onChange={[Function]}
                            placeholder="Password"
                            type="password"
                            value=""
                          />
                        </div>,
                      ],
                      "className": "wholeform",
                    },
                    "ref": null,
                    "rendered": Array [
                      Object {
                        "instance": null,
                        "key": undefined,
                        "nodeType": "host",
                        "props": Object {
                          "children": <Input
                            id="email"
                            onChange={[Function]}
                            placeholder="Please enter email"
                            type="email"
                            value=""
                          />,
                          "className": "formgroup",
                        },
                        "ref": null,
                        "rendered": Object {
                          "instance": null,
                          "key": undefined,
                          "nodeType": "function",
                          "props": Object {
                            "id": "email",
                            "onChange": [Function],
                            "placeholder": "Please enter email",
                            "type": "email",
                            "value": "",
                          },
                          "ref": null,
                          "rendered": null,
                          "type": [Function],
                        },
                        "type": "div",
                      },
                      Object {
                        "instance": null,
                        "key": undefined,
                        "nodeType": "host",
                        "props": Object {
                          "children": <Input
                            id="password"
                            onChange={[Function]}
                            placeholder="Password"
                            type="password"
                            value=""
                          />,
                          "className": "formgroup",
                        },
                        "ref": null,
                        "rendered": Object {
                          "instance": null,
                          "key": undefined,
                          "nodeType": "function",
                          "props": Object {
                            "id": "password",
                            "onChange": [Function],
                            "placeholder": "Password",
                            "type": "password",
                            "value": "",
                          },
                          "ref": null,
                          "rendered": null,
                          "type": [Function],
                        },
                        "type": "div",
                      },
                    ],
                    "type": "div",
                  },
                  Object {
                    "instance": null,
                    "key": undefined,
                    "nodeType": "host",
                    "props": Object {
                      "children": Array [
                        <option
                          name="type"
                          value="citizen"
                        >
                          Citizen
                        </option>,
                        <option
                          name="type"
                          value="politician"
                        >
                          Poitician
                        </option>,
                      ],
                      "className": "select-type",
                      "id": "type",
                      "onChange": [Function],
                    },
                    "ref": null,
                    "rendered": Array [
                      Object {
                        "instance": null,
                        "key": undefined,
                        "nodeType": "host",
                        "props": Object {
                          "children": "Citizen",
                          "name": "type",
                          "value": "citizen",
                        },
                        "ref": null,
                        "rendered": "Citizen",
                        "type": "option",
                      },
                      Object {
                        "instance": null,
                        "key": undefined,
                        "nodeType": "host",
                        "props": Object {
                          "children": "Poitician",
                          "name": "type",
                          "value": "politician",
                        },
                        "ref": null,
                        "rendered": "Poitician",
                        "type": "option",
                      },
                    ],
                    "type": "select",
                  },
                  Object {
                    "instance": null,
                    "key": undefined,
                    "nodeType": "host",
                    "props": Object {
                      "children": <Input
                        id="submit-btn"
                        placeholder=""
                        type="submit"
                        value="Sign Up"
                      />,
                      "className": "formgroup submit",
                    },
                    "ref": null,
                    "rendered": Object {
                      "instance": null,
                      "key": undefined,
                      "nodeType": "function",
                      "props": Object {
                        "id": "submit-btn",
                        "placeholder": "",
                        "type": "submit",
                        "value": "Sign Up",
                      },
                      "ref": null,
                      "rendered": null,
                      "type": [Function],
                    },
                    "type": "div",
                  },
                  Object {
                    "instance": null,
                    "key": undefined,
                    "nodeType": "host",
                    "props": Object {
                      "children": Array [
                        "Already have an account?",
                        <Link
                          className="link"
                          to="/login"
                        >
                          Login
                        </Link>,
                      ],
                      "style": Object {
                        "textAlign": "center",
                      },
                    },
                    "ref": null,
                    "rendered": Array [
                      "Already have an account?",
                      Object {
                        "instance": null,
                        "key": undefined,
                        "nodeType": "class",
                        "props": Object {
                          "children": "Login",
                          "className": "link",
                          "to": "/login",
                        },
                        "ref": null,
                        "rendered": "Login",
                        "type": [Function],
                      },
                    ],
                    "type": "p",
                  },
                ],
                "type": "form",
              },
            ],
            "type": "div",
          },
          "type": "div",
        },
        false,
      ],
      "type": Symbol(react.fragment),
    },
  ],
  Symbol(enzyme.__options__): Object {
    "adapter": ReactSixteenAdapter {
      "options": Object {
        "enableComponentDidUpdateOnSetState": true,
        "legacyContextMode": "parent",
        "lifecycles": Object {
          "componentDidUpdate": Object {
            "onSetState": true,
          },
          "getChildContext": Object {
            "calledByRenderer": false,
          },
          "getDerivedStateFromError": true,
          "getDerivedStateFromProps": Object {
            "hasShouldComponentUpdateBug": false,
          },
          "getSnapshotBeforeUpdate": true,
          "setState": Object {
            "skipsComponentDidUpdateOnNullish": true,
          },
        },
      },
    },
  },
  Symbol(enzyme.__childContext__): null,
}
`;
