// Jest Snapshot v1, https://goo.gl/fbAQLP

exports[`SignUp component should match snapshot 1`] = `
ShallowWrapper {
  Symbol(enzyme.__root__): [Circular],
  Symbol(enzyme.__unrendered__): <Signup />,
  Symbol(enzyme.__renderer__): Object {
    "batchedUpdates": [Function],
    "checkPropTypes": [Function],
    "getNode": [Function],
    "render": [Function],
    "simulateError": [Function],
    "simulateEvent": [Function],
    "unmount": [Function],
  },
  Symbol(enzyme.__node__): Object {
    "instance": null,
    "key": undefined,
    "nodeType": "function",
    "props": Object {
      "children": Array [
        <NavBar
          LiTagOne=""
          LiTagTwo={
            <LiTag
              to="/login"
              value="Login"
            />
          }
        />,
        <div
          className="center"
        />,
        <form
          className="signbox"
          id="signup-form"
          style={
            Object {
              "marginTop": "56px",
            }
          }
        >
          <span
            id="usergen"
          />
          <div
            className="wholeform"
          >
            <div
              className="formgroup"
            >
              <Input
                id="firstname"
                onChange={[Function]}
                placeholder="First name"
                required="required"
                type="text"
                value=""
              />
              <span
                id="spanfirstname"
              />
            </div>
            <div
              className="formgroup"
            >
              <Input
                id="lastname"
                onChange={[Function]}
                placeholder="Last name"
                required="required"
                type="text"
                value=""
              />
              <span
                id="spanlastname"
              />
            </div>
          </div>
          <div
            className="wholeform"
          >
            <div
              className="formgroup"
            >
              <Input
                id="othernames"
                onChange={[Function]}
                placeholder="Othernames"
                required="required"
                type="text"
                value=""
              />
              <span
                id="spanothernames"
              />
            </div>
            <div
              className="formgroup"
            >
              <Input
                id="phonenumber"
                onChange={[Function]}
                placeholder="PhoneNumber"
                required="required"
                type="text"
                value=""
              />
              <span
                id="phone"
              />
            </div>
          </div>
          <div
            className="wholeform"
          >
            <div
              className="formgroup"
            >
              <Input
                id="email"
                onChange={[Function]}
                placeholder="Please enter email"
                required="required"
                type="email"
                value=""
              />
              <span
                id="vemail"
              />
            </div>
            <div
              className="formgroup"
            >
              <Input
                id="password"
                onChange={[Function]}
                placeholder="Password"
                required="required"
                type="password"
                value=""
              />
              <span
                id="spanpass"
              />
            </div>
          </div>
          <select
            id="selecttype"
          >
            <option
              id="citizen"
              value="citizen"
            >
              Citizen
            </option>
            <option
              id="politician"
              value="politician"
            >
              Poitician
            </option>
          </select>
          <div
            className="formgroup submit"
          >
            <Input
              id="submit-btn"
              onChange={[Function]}
              placeholder=""
              type="submit"
              value="Sign Up"
            />
          </div>
          <p
            style={
              Object {
                "textAlign": "center",
              }
            }
          >
            Already have an account?
            <Link
              className="link"
              to="/login"
            >
              Login
            </Link>
          </p>
        </form>,
      ],
    },
    "ref": null,
    "rendered": Array [
      Object {
        "instance": null,
        "key": undefined,
        "nodeType": "function",
        "props": Object {
          "LiTagOne": "",
          "LiTagTwo": <LiTag
            to="/login"
            value="Login"
          />,
        },
        "ref": null,
        "rendered": null,
        "type": [Function],
      },
      Object {
        "instance": null,
        "key": undefined,
        "nodeType": "host",
        "props": Object {
          "className": "center",
        },
        "ref": null,
        "rendered": null,
        "type": "div",
      },
      Object {
        "instance": null,
        "key": undefined,
        "nodeType": "host",
        "props": Object {
          "children": Array [
            <span
              id="usergen"
            />,
            <div
              className="wholeform"
            >
              <div
                className="formgroup"
              >
                <Input
                  id="firstname"
                  onChange={[Function]}
                  placeholder="First name"
                  required="required"
                  type="text"
                  value=""
                />
                <span
                  id="spanfirstname"
                />
              </div>
              <div
                className="formgroup"
              >
                <Input
                  id="lastname"
                  onChange={[Function]}
                  placeholder="Last name"
                  required="required"
                  type="text"
                  value=""
                />
                <span
                  id="spanlastname"
                />
              </div>
            </div>,
            <div
              className="wholeform"
            >
              <div
                className="formgroup"
              >
                <Input
                  id="othernames"
                  onChange={[Function]}
                  placeholder="Othernames"
                  required="required"
                  type="text"
                  value=""
                />
                <span
                  id="spanothernames"
                />
              </div>
              <div
                className="formgroup"
              >
                <Input
                  id="phonenumber"
                  onChange={[Function]}
                  placeholder="PhoneNumber"
                  required="required"
                  type="text"
                  value=""
                />
                <span
                  id="phone"
                />
              </div>
            </div>,
            <div
              className="wholeform"
            >
              <div
                className="formgroup"
              >
                <Input
                  id="email"
                  onChange={[Function]}
                  placeholder="Please enter email"
                  required="required"
                  type="email"
                  value=""
                />
                <span
                  id="vemail"
                />
              </div>
              <div
                className="formgroup"
              >
                <Input
                  id="password"
                  onChange={[Function]}
                  placeholder="Password"
                  required="required"
                  type="password"
                  value=""
                />
                <span
                  id="spanpass"
                />
              </div>
            </div>,
            <select
              id="selecttype"
            >
              <option
                id="citizen"
                value="citizen"
              >
                Citizen
              </option>
              <option
                id="politician"
                value="politician"
              >
                Poitician
              </option>
            </select>,
            <div
              className="formgroup submit"
            >
              <Input
                id="submit-btn"
                onChange={[Function]}
                placeholder=""
                type="submit"
                value="Sign Up"
              />
            </div>,
            <p
              style={
                Object {
                  "textAlign": "center",
                }
              }
            >
              Already have an account?
              <Link
                className="link"
                to="/login"
              >
                Login
              </Link>
            </p>,
          ],
          "className": "signbox",
          "id": "signup-form",
          "style": Object {
            "marginTop": "56px",
          },
        },
        "ref": null,
        "rendered": Array [
          Object {
            "instance": null,
            "key": undefined,
            "nodeType": "host",
            "props": Object {
              "id": "usergen",
            },
            "ref": null,
            "rendered": null,
            "type": "span",
          },
          Object {
            "instance": null,
            "key": undefined,
            "nodeType": "host",
            "props": Object {
              "children": Array [
                <div
                  className="formgroup"
                >
                  <Input
                    id="firstname"
                    onChange={[Function]}
                    placeholder="First name"
                    required="required"
                    type="text"
                    value=""
                  />
                  <span
                    id="spanfirstname"
                  />
                </div>,
                <div
                  className="formgroup"
                >
                  <Input
                    id="lastname"
                    onChange={[Function]}
                    placeholder="Last name"
                    required="required"
                    type="text"
                    value=""
                  />
                  <span
                    id="spanlastname"
                  />
                </div>,
              ],
              "className": "wholeform",
            },
            "ref": null,
            "rendered": Array [
              Object {
                "instance": null,
                "key": undefined,
                "nodeType": "host",
                "props": Object {
                  "children": Array [
                    <Input
                      id="firstname"
                      onChange={[Function]}
                      placeholder="First name"
                      required="required"
                      type="text"
                      value=""
                    />,
                    <span
                      id="spanfirstname"
                    />,
                  ],
                  "className": "formgroup",
                },
                "ref": null,
                "rendered": Array [
                  Object {
                    "instance": null,
                    "key": undefined,
                    "nodeType": "function",
                    "props": Object {
                      "id": "firstname",
                      "onChange": [Function],
                      "placeholder": "First name",
                      "required": "required",
                      "type": "text",
                      "value": "",
                    },
                    "ref": null,
                    "rendered": null,
                    "type": [Function],
                  },
                  Object {
                    "instance": null,
                    "key": undefined,
                    "nodeType": "host",
                    "props": Object {
                      "id": "spanfirstname",
                    },
                    "ref": null,
                    "rendered": null,
                    "type": "span",
                  },
                ],
                "type": "div",
              },
              Object {
                "instance": null,
                "key": undefined,
                "nodeType": "host",
                "props": Object {
                  "children": Array [
                    <Input
                      id="lastname"
                      onChange={[Function]}
                      placeholder="Last name"
                      required="required"
                      type="text"
                      value=""
                    />,
                    <span
                      id="spanlastname"
                    />,
                  ],
                  "className": "formgroup",
                },
                "ref": null,
                "rendered": Array [
                  Object {
                    "instance": null,
                    "key": undefined,
                    "nodeType": "function",
                    "props": Object {
                      "id": "lastname",
                      "onChange": [Function],
                      "placeholder": "Last name",
                      "required": "required",
                      "type": "text",
                      "value": "",
                    },
                    "ref": null,
                    "rendered": null,
                    "type": [Function],
                  },
                  Object {
                    "instance": null,
                    "key": undefined,
                    "nodeType": "host",
                    "props": Object {
                      "id": "spanlastname",
                    },
                    "ref": null,
                    "rendered": null,
                    "type": "span",
                  },
                ],
                "type": "div",
              },
            ],
            "type": "div",
          },
          Object {
            "instance": null,
            "key": undefined,
            "nodeType": "host",
            "props": Object {
              "children": Array [
                <div
                  className="formgroup"
                >
                  <Input
                    id="othernames"
                    onChange={[Function]}
                    placeholder="Othernames"
                    required="required"
                    type="text"
                    value=""
                  />
                  <span
                    id="spanothernames"
                  />
                </div>,
                <div
                  className="formgroup"
                >
                  <Input
                    id="phonenumber"
                    onChange={[Function]}
                    placeholder="PhoneNumber"
                    required="required"
                    type="text"
                    value=""
                  />
                  <span
                    id="phone"
                  />
                </div>,
              ],
              "className": "wholeform",
            },
            "ref": null,
            "rendered": Array [
              Object {
                "instance": null,
                "key": undefined,
                "nodeType": "host",
                "props": Object {
                  "children": Array [
                    <Input
                      id="othernames"
                      onChange={[Function]}
                      placeholder="Othernames"
                      required="required"
                      type="text"
                      value=""
                    />,
                    <span
                      id="spanothernames"
                    />,
                  ],
                  "className": "formgroup",
                },
                "ref": null,
                "rendered": Array [
                  Object {
                    "instance": null,
                    "key": undefined,
                    "nodeType": "function",
                    "props": Object {
                      "id": "othernames",
                      "onChange": [Function],
                      "placeholder": "Othernames",
                      "required": "required",
                      "type": "text",
                      "value": "",
                    },
                    "ref": null,
                    "rendered": null,
                    "type": [Function],
                  },
                  Object {
                    "instance": null,
                    "key": undefined,
                    "nodeType": "host",
                    "props": Object {
                      "id": "spanothernames",
                    },
                    "ref": null,
                    "rendered": null,
                    "type": "span",
                  },
                ],
                "type": "div",
              },
              Object {
                "instance": null,
                "key": undefined,
                "nodeType": "host",
                "props": Object {
                  "children": Array [
                    <Input
                      id="phonenumber"
                      onChange={[Function]}
                      placeholder="PhoneNumber"
                      required="required"
                      type="text"
                      value=""
                    />,
                    <span
                      id="phone"
                    />,
                  ],
                  "className": "formgroup",
                },
                "ref": null,
                "rendered": Array [
                  Object {
                    "instance": null,
                    "key": undefined,
                    "nodeType": "function",
                    "props": Object {
                      "id": "phonenumber",
                      "onChange": [Function],
                      "placeholder": "PhoneNumber",
                      "required": "required",
                      "type": "text",
                      "value": "",
                    },
                    "ref": null,
                    "rendered": null,
                    "type": [Function],
                  },
                  Object {
                    "instance": null,
                    "key": undefined,
                    "nodeType": "host",
                    "props": Object {
                      "id": "phone",
                    },
                    "ref": null,
                    "rendered": null,
                    "type": "span",
                  },
                ],
                "type": "div",
              },
            ],
            "type": "div",
          },
          Object {
            "instance": null,
            "key": undefined,
            "nodeType": "host",
            "props": Object {
              "children": Array [
                <div
                  className="formgroup"
                >
                  <Input
                    id="email"
                    onChange={[Function]}
                    placeholder="Please enter email"
                    required="required"
                    type="email"
                    value=""
                  />
                  <span
                    id="vemail"
                  />
                </div>,
                <div
                  className="formgroup"
                >
                  <Input
                    id="password"
                    onChange={[Function]}
                    placeholder="Password"
                    required="required"
                    type="password"
                    value=""
                  />
                  <span
                    id="spanpass"
                  />
                </div>,
              ],
              "className": "wholeform",
            },
            "ref": null,
            "rendered": Array [
              Object {
                "instance": null,
                "key": undefined,
                "nodeType": "host",
                "props": Object {
                  "children": Array [
                    <Input
                      id="email"
                      onChange={[Function]}
                      placeholder="Please enter email"
                      required="required"
                      type="email"
                      value=""
                    />,
                    <span
                      id="vemail"
                    />,
                  ],
                  "className": "formgroup",
                },
                "ref": null,
                "rendered": Array [
                  Object {
                    "instance": null,
                    "key": undefined,
                    "nodeType": "function",
                    "props": Object {
                      "id": "email",
                      "onChange": [Function],
                      "placeholder": "Please enter email",
                      "required": "required",
                      "type": "email",
                      "value": "",
                    },
                    "ref": null,
                    "rendered": null,
                    "type": [Function],
                  },
                  Object {
                    "instance": null,
                    "key": undefined,
                    "nodeType": "host",
                    "props": Object {
                      "id": "vemail",
                    },
                    "ref": null,
                    "rendered": null,
                    "type": "span",
                  },
                ],
                "type": "div",
              },
              Object {
                "instance": null,
                "key": undefined,
                "nodeType": "host",
                "props": Object {
                  "children": Array [
                    <Input
                      id="password"
                      onChange={[Function]}
                      placeholder="Password"
                      required="required"
                      type="password"
                      value=""
                    />,
                    <span
                      id="spanpass"
                    />,
                  ],
                  "className": "formgroup",
                },
                "ref": null,
                "rendered": Array [
                  Object {
                    "instance": null,
                    "key": undefined,
                    "nodeType": "function",
                    "props": Object {
                      "id": "password",
                      "onChange": [Function],
                      "placeholder": "Password",
                      "required": "required",
                      "type": "password",
                      "value": "",
                    },
                    "ref": null,
                    "rendered": null,
                    "type": [Function],
                  },
                  Object {
                    "instance": null,
                    "key": undefined,
                    "nodeType": "host",
                    "props": Object {
                      "id": "spanpass",
                    },
                    "ref": null,
                    "rendered": null,
                    "type": "span",
                  },
                ],
                "type": "div",
              },
            ],
            "type": "div",
          },
          Object {
            "instance": null,
            "key": undefined,
            "nodeType": "host",
            "props": Object {
              "children": Array [
                <option
                  id="citizen"
                  value="citizen"
                >
                  Citizen
                </option>,
                <option
                  id="politician"
                  value="politician"
                >
                  Poitician
                </option>,
              ],
              "id": "selecttype",
            },
            "ref": null,
            "rendered": Array [
              Object {
                "instance": null,
                "key": undefined,
                "nodeType": "host",
                "props": Object {
                  "children": "Citizen",
                  "id": "citizen",
                  "value": "citizen",
                },
                "ref": null,
                "rendered": "Citizen",
                "type": "option",
              },
              Object {
                "instance": null,
                "key": undefined,
                "nodeType": "host",
                "props": Object {
                  "children": "Poitician",
                  "id": "politician",
                  "value": "politician",
                },
                "ref": null,
                "rendered": "Poitician",
                "type": "option",
              },
            ],
            "type": "select",
          },
          Object {
            "instance": null,
            "key": undefined,
            "nodeType": "host",
            "props": Object {
              "children": <Input
                id="submit-btn"
                onChange={[Function]}
                placeholder=""
                type="submit"
                value="Sign Up"
              />,
              "className": "formgroup submit",
            },
            "ref": null,
            "rendered": Object {
              "instance": null,
              "key": undefined,
              "nodeType": "function",
              "props": Object {
                "id": "submit-btn",
                "onChange": [Function],
                "placeholder": "",
                "type": "submit",
                "value": "Sign Up",
              },
              "ref": null,
              "rendered": null,
              "type": [Function],
            },
            "type": "div",
          },
          Object {
            "instance": null,
            "key": undefined,
            "nodeType": "host",
            "props": Object {
              "children": Array [
                "Already have an account?",
                <Link
                  className="link"
                  to="/login"
                >
                  Login
                </Link>,
              ],
              "style": Object {
                "textAlign": "center",
              },
            },
            "ref": null,
            "rendered": Array [
              "Already have an account?",
              Object {
                "instance": null,
                "key": undefined,
                "nodeType": "class",
                "props": Object {
                  "children": "Login",
                  "className": "link",
                  "to": "/login",
                },
                "ref": null,
                "rendered": "Login",
                "type": [Function],
              },
            ],
            "type": "p",
          },
        ],
        "type": "form",
      },
    ],
    "type": Symbol(react.fragment),
  },
  Symbol(enzyme.__nodes__): Array [
    Object {
      "instance": null,
      "key": undefined,
      "nodeType": "function",
      "props": Object {
        "children": Array [
          <NavBar
            LiTagOne=""
            LiTagTwo={
              <LiTag
                to="/login"
                value="Login"
              />
            }
          />,
          <div
            className="center"
          />,
          <form
            className="signbox"
            id="signup-form"
            style={
              Object {
                "marginTop": "56px",
              }
            }
          >
            <span
              id="usergen"
            />
            <div
              className="wholeform"
            >
              <div
                className="formgroup"
              >
                <Input
                  id="firstname"
                  onChange={[Function]}
                  placeholder="First name"
                  required="required"
                  type="text"
                  value=""
                />
                <span
                  id="spanfirstname"
                />
              </div>
              <div
                className="formgroup"
              >
                <Input
                  id="lastname"
                  onChange={[Function]}
                  placeholder="Last name"
                  required="required"
                  type="text"
                  value=""
                />
                <span
                  id="spanlastname"
                />
              </div>
            </div>
            <div
              className="wholeform"
            >
              <div
                className="formgroup"
              >
                <Input
                  id="othernames"
                  onChange={[Function]}
                  placeholder="Othernames"
                  required="required"
                  type="text"
                  value=""
                />
                <span
                  id="spanothernames"
                />
              </div>
              <div
                className="formgroup"
              >
                <Input
                  id="phonenumber"
                  onChange={[Function]}
                  placeholder="PhoneNumber"
                  required="required"
                  type="text"
                  value=""
                />
                <span
                  id="phone"
                />
              </div>
            </div>
            <div
              className="wholeform"
            >
              <div
                className="formgroup"
              >
                <Input
                  id="email"
                  onChange={[Function]}
                  placeholder="Please enter email"
                  required="required"
                  type="email"
                  value=""
                />
                <span
                  id="vemail"
                />
              </div>
              <div
                className="formgroup"
              >
                <Input
                  id="password"
                  onChange={[Function]}
                  placeholder="Password"
                  required="required"
                  type="password"
                  value=""
                />
                <span
                  id="spanpass"
                />
              </div>
            </div>
            <select
              id="selecttype"
            >
              <option
                id="citizen"
                value="citizen"
              >
                Citizen
              </option>
              <option
                id="politician"
                value="politician"
              >
                Poitician
              </option>
            </select>
            <div
              className="formgroup submit"
            >
              <Input
                id="submit-btn"
                onChange={[Function]}
                placeholder=""
                type="submit"
                value="Sign Up"
              />
            </div>
            <p
              style={
                Object {
                  "textAlign": "center",
                }
              }
            >
              Already have an account?
              <Link
                className="link"
                to="/login"
              >
                Login
              </Link>
            </p>
          </form>,
        ],
      },
      "ref": null,
      "rendered": Array [
        Object {
          "instance": null,
          "key": undefined,
          "nodeType": "function",
          "props": Object {
            "LiTagOne": "",
            "LiTagTwo": <LiTag
              to="/login"
              value="Login"
            />,
          },
          "ref": null,
          "rendered": null,
          "type": [Function],
        },
        Object {
          "instance": null,
          "key": undefined,
          "nodeType": "host",
          "props": Object {
            "className": "center",
          },
          "ref": null,
          "rendered": null,
          "type": "div",
        },
        Object {
          "instance": null,
          "key": undefined,
          "nodeType": "host",
          "props": Object {
            "children": Array [
              <span
                id="usergen"
              />,
              <div
                className="wholeform"
              >
                <div
                  className="formgroup"
                >
                  <Input
                    id="firstname"
                    onChange={[Function]}
                    placeholder="First name"
                    required="required"
                    type="text"
                    value=""
                  />
                  <span
                    id="spanfirstname"
                  />
                </div>
                <div
                  className="formgroup"
                >
                  <Input
                    id="lastname"
                    onChange={[Function]}
                    placeholder="Last name"
                    required="required"
                    type="text"
                    value=""
                  />
                  <span
                    id="spanlastname"
                  />
                </div>
              </div>,
              <div
                className="wholeform"
              >
                <div
                  className="formgroup"
                >
                  <Input
                    id="othernames"
                    onChange={[Function]}
                    placeholder="Othernames"
                    required="required"
                    type="text"
                    value=""
                  />
                  <span
                    id="spanothernames"
                  />
                </div>
                <div
                  className="formgroup"
                >
                  <Input
                    id="phonenumber"
                    onChange={[Function]}
                    placeholder="PhoneNumber"
                    required="required"
                    type="text"
                    value=""
                  />
                  <span
                    id="phone"
                  />
                </div>
              </div>,
              <div
                className="wholeform"
              >
                <div
                  className="formgroup"
                >
                  <Input
                    id="email"
                    onChange={[Function]}
                    placeholder="Please enter email"
                    required="required"
                    type="email"
                    value=""
                  />
                  <span
                    id="vemail"
                  />
                </div>
                <div
                  className="formgroup"
                >
                  <Input
                    id="password"
                    onChange={[Function]}
                    placeholder="Password"
                    required="required"
                    type="password"
                    value=""
                  />
                  <span
                    id="spanpass"
                  />
                </div>
              </div>,
              <select
                id="selecttype"
              >
                <option
                  id="citizen"
                  value="citizen"
                >
                  Citizen
                </option>
                <option
                  id="politician"
                  value="politician"
                >
                  Poitician
                </option>
              </select>,
              <div
                className="formgroup submit"
              >
                <Input
                  id="submit-btn"
                  onChange={[Function]}
                  placeholder=""
                  type="submit"
                  value="Sign Up"
                />
              </div>,
              <p
                style={
                  Object {
                    "textAlign": "center",
                  }
                }
              >
                Already have an account?
                <Link
                  className="link"
                  to="/login"
                >
                  Login
                </Link>
              </p>,
            ],
            "className": "signbox",
            "id": "signup-form",
            "style": Object {
              "marginTop": "56px",
            },
          },
          "ref": null,
          "rendered": Array [
            Object {
              "instance": null,
              "key": undefined,
              "nodeType": "host",
              "props": Object {
                "id": "usergen",
              },
              "ref": null,
              "rendered": null,
              "type": "span",
            },
            Object {
              "instance": null,
              "key": undefined,
              "nodeType": "host",
              "props": Object {
                "children": Array [
                  <div
                    className="formgroup"
                  >
                    <Input
                      id="firstname"
                      onChange={[Function]}
                      placeholder="First name"
                      required="required"
                      type="text"
                      value=""
                    />
                    <span
                      id="spanfirstname"
                    />
                  </div>,
                  <div
                    className="formgroup"
                  >
                    <Input
                      id="lastname"
                      onChange={[Function]}
                      placeholder="Last name"
                      required="required"
                      type="text"
                      value=""
                    />
                    <span
                      id="spanlastname"
                    />
                  </div>,
                ],
                "className": "wholeform",
              },
              "ref": null,
              "rendered": Array [
                Object {
                  "instance": null,
                  "key": undefined,
                  "nodeType": "host",
                  "props": Object {
                    "children": Array [
                      <Input
                        id="firstname"
                        onChange={[Function]}
                        placeholder="First name"
                        required="required"
                        type="text"
                        value=""
                      />,
                      <span
                        id="spanfirstname"
                      />,
                    ],
                    "className": "formgroup",
                  },
                  "ref": null,
                  "rendered": Array [
                    Object {
                      "instance": null,
                      "key": undefined,
                      "nodeType": "function",
                      "props": Object {
                        "id": "firstname",
                        "onChange": [Function],
                        "placeholder": "First name",
                        "required": "required",
                        "type": "text",
                        "value": "",
                      },
                      "ref": null,
                      "rendered": null,
                      "type": [Function],
                    },
                    Object {
                      "instance": null,
                      "key": undefined,
                      "nodeType": "host",
                      "props": Object {
                        "id": "spanfirstname",
                      },
                      "ref": null,
                      "rendered": null,
                      "type": "span",
                    },
                  ],
                  "type": "div",
                },
                Object {
                  "instance": null,
                  "key": undefined,
                  "nodeType": "host",
                  "props": Object {
                    "children": Array [
                      <Input
                        id="lastname"
                        onChange={[Function]}
                        placeholder="Last name"
                        required="required"
                        type="text"
                        value=""
                      />,
                      <span
                        id="spanlastname"
                      />,
                    ],
                    "className": "formgroup",
                  },
                  "ref": null,
                  "rendered": Array [
                    Object {
                      "instance": null,
                      "key": undefined,
                      "nodeType": "function",
                      "props": Object {
                        "id": "lastname",
                        "onChange": [Function],
                        "placeholder": "Last name",
                        "required": "required",
                        "type": "text",
                        "value": "",
                      },
                      "ref": null,
                      "rendered": null,
                      "type": [Function],
                    },
                    Object {
                      "instance": null,
                      "key": undefined,
                      "nodeType": "host",
                      "props": Object {
                        "id": "spanlastname",
                      },
                      "ref": null,
                      "rendered": null,
                      "type": "span",
                    },
                  ],
                  "type": "div",
                },
              ],
              "type": "div",
            },
            Object {
              "instance": null,
              "key": undefined,
              "nodeType": "host",
              "props": Object {
                "children": Array [
                  <div
                    className="formgroup"
                  >
                    <Input
                      id="othernames"
                      onChange={[Function]}
                      placeholder="Othernames"
                      required="required"
                      type="text"
                      value=""
                    />
                    <span
                      id="spanothernames"
                    />
                  </div>,
                  <div
                    className="formgroup"
                  >
                    <Input
                      id="phonenumber"
                      onChange={[Function]}
                      placeholder="PhoneNumber"
                      required="required"
                      type="text"
                      value=""
                    />
                    <span
                      id="phone"
                    />
                  </div>,
                ],
                "className": "wholeform",
              },
              "ref": null,
              "rendered": Array [
                Object {
                  "instance": null,
                  "key": undefined,
                  "nodeType": "host",
                  "props": Object {
                    "children": Array [
                      <Input
                        id="othernames"
                        onChange={[Function]}
                        placeholder="Othernames"
                        required="required"
                        type="text"
                        value=""
                      />,
                      <span
                        id="spanothernames"
                      />,
                    ],
                    "className": "formgroup",
                  },
                  "ref": null,
                  "rendered": Array [
                    Object {
                      "instance": null,
                      "key": undefined,
                      "nodeType": "function",
                      "props": Object {
                        "id": "othernames",
                        "onChange": [Function],
                        "placeholder": "Othernames",
                        "required": "required",
                        "type": "text",
                        "value": "",
                      },
                      "ref": null,
                      "rendered": null,
                      "type": [Function],
                    },
                    Object {
                      "instance": null,
                      "key": undefined,
                      "nodeType": "host",
                      "props": Object {
                        "id": "spanothernames",
                      },
                      "ref": null,
                      "rendered": null,
                      "type": "span",
                    },
                  ],
                  "type": "div",
                },
                Object {
                  "instance": null,
                  "key": undefined,
                  "nodeType": "host",
                  "props": Object {
                    "children": Array [
                      <Input
                        id="phonenumber"
                        onChange={[Function]}
                        placeholder="PhoneNumber"
                        required="required"
                        type="text"
                        value=""
                      />,
                      <span
                        id="phone"
                      />,
                    ],
                    "className": "formgroup",
                  },
                  "ref": null,
                  "rendered": Array [
                    Object {
                      "instance": null,
                      "key": undefined,
                      "nodeType": "function",
                      "props": Object {
                        "id": "phonenumber",
                        "onChange": [Function],
                        "placeholder": "PhoneNumber",
                        "required": "required",
                        "type": "text",
                        "value": "",
                      },
                      "ref": null,
                      "rendered": null,
                      "type": [Function],
                    },
                    Object {
                      "instance": null,
                      "key": undefined,
                      "nodeType": "host",
                      "props": Object {
                        "id": "phone",
                      },
                      "ref": null,
                      "rendered": null,
                      "type": "span",
                    },
                  ],
                  "type": "div",
                },
              ],
              "type": "div",
            },
            Object {
              "instance": null,
              "key": undefined,
              "nodeType": "host",
              "props": Object {
                "children": Array [
                  <div
                    className="formgroup"
                  >
                    <Input
                      id="email"
                      onChange={[Function]}
                      placeholder="Please enter email"
                      required="required"
                      type="email"
                      value=""
                    />
                    <span
                      id="vemail"
                    />
                  </div>,
                  <div
                    className="formgroup"
                  >
                    <Input
                      id="password"
                      onChange={[Function]}
                      placeholder="Password"
                      required="required"
                      type="password"
                      value=""
                    />
                    <span
                      id="spanpass"
                    />
                  </div>,
                ],
                "className": "wholeform",
              },
              "ref": null,
              "rendered": Array [
                Object {
                  "instance": null,
                  "key": undefined,
                  "nodeType": "host",
                  "props": Object {
                    "children": Array [
                      <Input
                        id="email"
                        onChange={[Function]}
                        placeholder="Please enter email"
                        required="required"
                        type="email"
                        value=""
                      />,
                      <span
                        id="vemail"
                      />,
                    ],
                    "className": "formgroup",
                  },
                  "ref": null,
                  "rendered": Array [
                    Object {
                      "instance": null,
                      "key": undefined,
                      "nodeType": "function",
                      "props": Object {
                        "id": "email",
                        "onChange": [Function],
                        "placeholder": "Please enter email",
                        "required": "required",
                        "type": "email",
                        "value": "",
                      },
                      "ref": null,
                      "rendered": null,
                      "type": [Function],
                    },
                    Object {
                      "instance": null,
                      "key": undefined,
                      "nodeType": "host",
                      "props": Object {
                        "id": "vemail",
                      },
                      "ref": null,
                      "rendered": null,
                      "type": "span",
                    },
                  ],
                  "type": "div",
                },
                Object {
                  "instance": null,
                  "key": undefined,
                  "nodeType": "host",
                  "props": Object {
                    "children": Array [
                      <Input
                        id="password"
                        onChange={[Function]}
                        placeholder="Password"
                        required="required"
                        type="password"
                        value=""
                      />,
                      <span
                        id="spanpass"
                      />,
                    ],
                    "className": "formgroup",
                  },
                  "ref": null,
                  "rendered": Array [
                    Object {
                      "instance": null,
                      "key": undefined,
                      "nodeType": "function",
                      "props": Object {
                        "id": "password",
                        "onChange": [Function],
                        "placeholder": "Password",
                        "required": "required",
                        "type": "password",
                        "value": "",
                      },
                      "ref": null,
                      "rendered": null,
                      "type": [Function],
                    },
                    Object {
                      "instance": null,
                      "key": undefined,
                      "nodeType": "host",
                      "props": Object {
                        "id": "spanpass",
                      },
                      "ref": null,
                      "rendered": null,
                      "type": "span",
                    },
                  ],
                  "type": "div",
                },
              ],
              "type": "div",
            },
            Object {
              "instance": null,
              "key": undefined,
              "nodeType": "host",
              "props": Object {
                "children": Array [
                  <option
                    id="citizen"
                    value="citizen"
                  >
                    Citizen
                  </option>,
                  <option
                    id="politician"
                    value="politician"
                  >
                    Poitician
                  </option>,
                ],
                "id": "selecttype",
              },
              "ref": null,
              "rendered": Array [
                Object {
                  "instance": null,
                  "key": undefined,
                  "nodeType": "host",
                  "props": Object {
                    "children": "Citizen",
                    "id": "citizen",
                    "value": "citizen",
                  },
                  "ref": null,
                  "rendered": "Citizen",
                  "type": "option",
                },
                Object {
                  "instance": null,
                  "key": undefined,
                  "nodeType": "host",
                  "props": Object {
                    "children": "Poitician",
                    "id": "politician",
                    "value": "politician",
                  },
                  "ref": null,
                  "rendered": "Poitician",
                  "type": "option",
                },
              ],
              "type": "select",
            },
            Object {
              "instance": null,
              "key": undefined,
              "nodeType": "host",
              "props": Object {
                "children": <Input
                  id="submit-btn"
                  onChange={[Function]}
                  placeholder=""
                  type="submit"
                  value="Sign Up"
                />,
                "className": "formgroup submit",
              },
              "ref": null,
              "rendered": Object {
                "instance": null,
                "key": undefined,
                "nodeType": "function",
                "props": Object {
                  "id": "submit-btn",
                  "onChange": [Function],
                  "placeholder": "",
                  "type": "submit",
                  "value": "Sign Up",
                },
                "ref": null,
                "rendered": null,
                "type": [Function],
              },
              "type": "div",
            },
            Object {
              "instance": null,
              "key": undefined,
              "nodeType": "host",
              "props": Object {
                "children": Array [
                  "Already have an account?",
                  <Link
                    className="link"
                    to="/login"
                  >
                    Login
                  </Link>,
                ],
                "style": Object {
                  "textAlign": "center",
                },
              },
              "ref": null,
              "rendered": Array [
                "Already have an account?",
                Object {
                  "instance": null,
                  "key": undefined,
                  "nodeType": "class",
                  "props": Object {
                    "children": "Login",
                    "className": "link",
                    "to": "/login",
                  },
                  "ref": null,
                  "rendered": "Login",
                  "type": [Function],
                },
              ],
              "type": "p",
            },
          ],
          "type": "form",
        },
      ],
      "type": Symbol(react.fragment),
    },
  ],
  Symbol(enzyme.__options__): Object {
    "adapter": ReactSixteenAdapter {
      "options": Object {
        "enableComponentDidUpdateOnSetState": true,
        "legacyContextMode": "parent",
        "lifecycles": Object {
          "componentDidUpdate": Object {
            "onSetState": true,
          },
          "getChildContext": Object {
            "calledByRenderer": false,
          },
          "getDerivedStateFromError": true,
          "getDerivedStateFromProps": Object {
            "hasShouldComponentUpdateBug": false,
          },
          "getSnapshotBeforeUpdate": true,
          "setState": Object {
            "skipsComponentDidUpdateOnNullish": true,
          },
        },
      },
    },
  },
  Symbol(enzyme.__childContext__): null,
}
`;
